[avitex.vn/html/bytewave/index.html]
[backblue.gif]
[fade.gif]
[index.html]
[external.html]
[avitex.vn/html/bytewave/assets/images/fav.png]
[avitex.vn/html/bytewave/index-2.html]
[avitex.vn/html/bytewave/home2.html]
[avitex.vn/html/bytewave/home3.html]
[avitex.vn/html/bytewave/home4.html]
[avitex.vn/html/bytewave/home5.html]
[avitex.vn/html/bytewave/home6.html]
[avitex.vn/html/bytewave/home7.html]
[avitex.vn/html/bytewave/service-detail.html]
[avitex.vn/html/bytewave/about-us.html]
[avitex.vn/html/bytewave/our-team.html]
[avitex.vn/html/bytewave/team-detail.html]
[avitex.vn/html/bytewave/pricing-plan.html]
[avitex.vn/html/bytewave/list-testimonials.html]
[avitex.vn/html/bytewave/case-studies-one.html]
[avitex.vn/html/bytewave/case-studies-two.html]
[avitex.vn/html/bytewave/case-studies-three.html]
[avitex.vn/html/bytewave/case-studies-four.html]
[avitex.vn/html/bytewave/case-studies-detail.html]
[avitex.vn/html/bytewave/case-studies-detail-two.html]
[avitex.vn/html/bytewave/blog-grid.html]
[avitex.vn/html/bytewave/blog-list.html]
[avitex.vn/html/bytewave/blog-standard.html]
[avitex.vn/html/bytewave/blog-modern.html]
[avitex.vn/html/bytewave/blog-detail.html]
[avitex.vn/html/bytewave/blog-detail-two.html]
[avitex.vn/html/bytewave/contact-us.html]
[avitex.vn/html/bytewave/faqs.html]
[avitex.vn/html/bytewave/error-404.html]
[avitex.vn/html/bytewave/login.html]
[avitex.vn/html/bytewave/shop.html]
[avitex.vn/html/bytewave/product-detail.html]
[avitex.vn/html/bytewave/cart.html]
[avitex.vn/html/bytewave/checkout.html]
[avitex.vn/html/bytewave/assets/images/slider/slider1.png]
[avitex.vn/html/bytewave/assets/images/blog/item1.png]
[avitex.vn/html/bytewave/assets/images/blog/item3.png]
[avitex.vn/html/bytewave/assets/images/blog/item4.png]
[avitex.vn/html/bytewave/assets/images/blog/item12.png]
[avitex.vn/html/bytewave/assets/images/avatar/avatar1.png]
[avitex.vn/html/bytewave/assets/images/avatar/avatar2.png]
[avitex.vn/html/bytewave/assets/images/avatar/avatar3.png]
[avitex.vn/html/bytewave/assets/images/component/bg-popup-newsletter.png]
[avitex.vn/html/bytewave/assets/js/jquery-3.7.1.js]
[avitex.vn/html/bytewave/assets/js/slick.min.js]
[avitex.vn/html/bytewave/assets/js/scrollreveal.js]
[avitex.vn/html/bytewave/assets/js/bootstrap.bundle.min.js]
[avitex.vn/html/bytewave/assets/js/countUp.min.js]
[avitex.vn/html/bytewave/assets/js/waypoints.min.js]
[avitex.vn/html/bytewave/assets/js/phosphor-icons.js]
[avitex.vn/html/bytewave/assets/js/main.min.js]
[avitex.vn/html/bytewave/index.html]
[avitex.vn/html/bytewave/assets/css/bootstrap.min.css]
[avitex.vn/html/bytewave/assets/css/animate-4.1.1.min.css]
[avitex.vn/html/bytewave/assets/css/slick.css]
[avitex.vn/html/bytewave/assets/icons/fonts/icomoonc72f.eot]
[avitex.vn/html/bytewave/assets/icons/fonts/icomoonc72f.ttf]
[avitex.vn/html/bytewave/assets/icons/fonts/icomoonc72f.woff]
[avitex.vn/html/bytewave/assets/icons/style.css]
[avitex.vn/html/bytewave/assets/images/component/industry5.png]
[avitex.vn/html/bytewave/assets/css/style.css]
[avitex.vn/html/bytewave/index-2.html]
[avitex.vn/html/bytewave/assets/images/component/industry5-below.png]
[avitex.vn/html/bytewave/assets/images/slider/slider2-1.png]
[avitex.vn/html/bytewave/assets/images/slider/slider2-2.png]
[avitex.vn/html/bytewave/assets/images/component/bg-counter2.png]
[avitex.vn/html/bytewave/assets/images/blog/item5.png]
[avitex.vn/html/bytewave/home2.html]
[avitex.vn/html/bytewave/assets/images/blog/item6.png]
[avitex.vn/html/bytewave/assets/images/slider/slider3-1.png]
[avitex.vn/html/bytewave/assets/images/slider/slider3-2.png]
[avitex.vn/html/bytewave/assets/images/slider/slider3-3.png]
[avitex.vn/html/bytewave/assets/images/component/about3.png]
[avitex.vn/html/bytewave/assets/images/industry/3.png]
[avitex.vn/html/bytewave/assets/images/industry/4.png]
[avitex.vn/html/bytewave/assets/images/industry/6.png]
[avitex.vn/html/bytewave/assets/images/industry/5.png]
[avitex.vn/html/bytewave/assets/images/blog/item7.png]
[avitex.vn/html/bytewave/assets/images/blog/item8.png]
[avitex.vn/html/bytewave/assets/images/blog/item9.png]
[avitex.vn/html/bytewave/home3.html]
[avitex.vn/html/bytewave/assets/images/blog/item10.png]
[avitex.vn/html/bytewave/assets/images/slider/slider4-1.png]
[avitex.vn/html/bytewave/assets/images/slider/slider4-3.png]
[avitex.vn/html/bytewave/assets/images/slider/slider4-2.png]
[avitex.vn/html/bytewave/assets/images/component/bg-about4.png]
[avitex.vn/html/bytewave/assets/images/component/about4.png]
[avitex.vn/html/bytewave/assets/images/portfolio/1.png]
[avitex.vn/html/bytewave/assets/images/portfolio/2.png]
[avitex.vn/html/bytewave/assets/images/portfolio/3.png]
[avitex.vn/html/bytewave/assets/images/portfolio/4.png]
[avitex.vn/html/bytewave/assets/images/avatar/IMG-6.png]
[avitex.vn/html/bytewave/assets/images/avatar/IMG-2.png]
[avitex.vn/html/bytewave/home4.html]
[avitex.vn/html/bytewave/assets/images/avatar/IMG-9.png]
[avitex.vn/html/bytewave/assets/images/slider/slider5-1.png]
[avitex.vn/html/bytewave/assets/images/slider/slider5-2.png]
[avitex.vn/html/bytewave/assets/images/slider/slider5-3.png]
[avitex.vn/html/bytewave/assets/images/component/testimonial5-1.png]
[avitex.vn/html/bytewave/assets/images/component/testimonial5-2.png]
[avitex.vn/html/bytewave/assets/images/component/testimonial5-3.png]
[avitex.vn/html/bytewave/assets/images/blog/item11.png]
[avitex.vn/html/bytewave/assets/images/blog/item13.png]
[avitex.vn/html/bytewave/home5.html]
[avitex.vn/html/bytewave/assets/images/component/contact5.png]
[avitex.vn/html/bytewave/assets/images/slider/bg-slider6.png]
[avitex.vn/html/bytewave/assets/images/slider/slider6.png]
[avitex.vn/html/bytewave/assets/images/component/benefit-below6.png]
[avitex.vn/html/bytewave/assets/images/success-stories/1.png]
[avitex.vn/html/bytewave/assets/images/success-stories/2.png]
[avitex.vn/html/bytewave/assets/images/success-stories/3.png]
[avitex.vn/html/bytewave/home6.html]
[avitex.vn/html/bytewave/assets/images/avatar/avatar4.png]
[avitex.vn/html/bytewave/assets/images/slider/slider7.png]
[avitex.vn/html/bytewave/assets/images/component/about-second7.png]
[avitex.vn/html/bytewave/home7.html]
[avitex.vn/html/bytewave/assets/images/component/about-third7.png]
[avitex.vn/html/bytewave/assets/images/award/2.png]
[avitex.vn/html/bytewave/assets/images/award/3.png]
[avitex.vn/html/bytewave/assets/images/award/4.png]
[avitex.vn/html/bytewave/assets/images/award/5.png]
[avitex.vn/html/bytewave/service-detail.html]
[avitex.vn/html/bytewave/assets/images/component/bg-team.png]
[avitex.vn/html/bytewave/assets/images/blog/item16.png]
[avitex.vn/html/bytewave/assets/images/blog/item14.png]
[avitex.vn/html/bytewave/assets/images/blog/item15.png]
[avitex.vn/html/bytewave/assets/images/avatar/IMG-1.png]
[avitex.vn/html/bytewave/assets/images/avatar/IMG-3.png]
[avitex.vn/html/bytewave/assets/images/avatar/IMG-4.png]
[avitex.vn/html/bytewave/about-us.html]
[avitex.vn/html/bytewave/assets/images/avatar/IMG-5.png]
[avitex.vn/html/bytewave/assets/images/component/bg-heading-style2.png]
[avitex.vn/html/bytewave/assets/images/avatar/IMG-7.png]
[avitex.vn/html/bytewave/assets/images/avatar/IMG-8.png]
[avitex.vn/html/bytewave/assets/images/avatar/IMG-10.png]
[avitex.vn/html/bytewave/assets/images/avatar/IMG-11.png]
[avitex.vn/html/bytewave/assets/images/avatar/IMG-12.png]
[avitex.vn/html/bytewave/assets/images/avatar/IMG-13.png]
[avitex.vn/html/bytewave/our-team.html]
[avitex.vn/html/bytewave/team-detail.html]
[avitex.vn/html/bytewave/assets/images/avatar/IMG.png]
[avitex.vn/html/bytewave/assets/images/component/bg-case-studies.png]
[avitex.vn/html/bytewave/pricing-plan.html]
[avitex.vn/html/bytewave/list-testimonials.html]
[avitex.vn/html/bytewave/assets/images/component/bg-case-detail.png]
[avitex.vn/html/bytewave/assets/images/component/bg-blog.png]
[avitex.vn/html/bytewave/case-studies-one.html]
[avitex.vn/html/bytewave/case-studies-two.html]
[avitex.vn/html/bytewave/case-studies-three.html]
[avitex.vn/html/bytewave/case-studies-four.html]
[avitex.vn/html/bytewave/case-studies-detail.html]
[avitex.vn/html/bytewave/case-studies-detail-two.html]
[avitex.vn/html/bytewave/blog-grid.html]
[avitex.vn/html/bytewave/blog-list.html]
[avitex.vn/html/bytewave/blog-standard.html]
[avitex.vn/html/bytewave/blog-modern.html]
[avitex.vn/html/bytewave/assets/images/component/bg-case-detail-benefit.png]
[avitex.vn/html/bytewave/blog.html/index.html]
[avitex.vn/html/bytewave/blog-two.html/index.html]
[avitex.vn/html/bytewave/assets/images/avatar/3.png]
[avitex.vn/html/bytewave/assets/images/avatar/1.png]
[avitex.vn/html/bytewave/blog-detail.html]
[avitex.vn/html/bytewave/blog-detail-two.html]
[avitex.vn/html/bytewave/contact-us.html]
[avitex.vn/html/bytewave/faqs.html]
[avitex.vn/html/bytewave/assets/images/avatar/2.png]
[avitex.vn/html/bytewave/blog-three.html/index.html]
[avitex.vn/html/bytewave/error-404.html]
[avitex.vn/html/bytewave/assets/images/component/bg-404.png]
[avitex.vn/html/bytewave/login.html]
[avitex.vn/html/bytewave/register.html]
[avitex.vn/html/bytewave/assets/images/product/1.png]
[avitex.vn/html/bytewave/assets/images/product/2.png]
[avitex.vn/html/bytewave/assets/images/product/3.png]
[avitex.vn/html/bytewave/assets/images/product/4.png]
[avitex.vn/html/bytewave/assets/images/product/5.png]
[avitex.vn/html/bytewave/assets/images/product/6.png]
[avitex.vn/html/bytewave/assets/images/product/7.png]
[avitex.vn/html/bytewave/assets/images/product/8.png]
[avitex.vn/html/bytewave/assets/images/product/9.png]
[avitex.vn/html/bytewave/assets/images/product/10.png]
[avitex.vn/html/bytewave/assets/images/product/11.png]
[avitex.vn/html/bytewave/assets/images/product/12.png]
[avitex.vn/html/bytewave/shop.html]
[avitex.vn/html/bytewave/assets/images/product/product-detail.png]
[avitex.vn/html/bytewave/product-detail.html]
[avitex.vn/html/bytewave/assets/images/component/bank.png]
[avitex.vn/html/bytewave/cart.html]
[avitex.vn/html/bytewave/assets/images/component/payment.png]
[avitex.vn/html/bytewave/checkout.html]
[avitex.vn/html/bytewave/assets/images/brand/van.svg]
[avitex.vn/html/bytewave/assets/images/brand/slack.svg]
[avitex.vn/html/bytewave/assets/images/brand/pana.svg]
[avitex.vn/html/bytewave/assets/images/brand/shang.svg]
[avitex.vn/html/bytewave/assets/images/brand/spotify.svg]
[avitex.vn/html/bytewave/assets/icons/fonts/icomoonc72f.svg]
[avitex.vn/html/bytewave/assets/images/component/industry5-below.png]
[avitex.vn/html/bytewave/assets/images/blog/item1.png]
[avitex.vn/html/bytewave/assets/images/blog/item2.png]
[avitex.vn/html/bytewave/assets/images/component/industry5.png]
[avitex.vn/html/bytewave/assets/images/slider/slider2-1.png]
[avitex.vn/html/bytewave/assets/images/slider/slider2-3.png]
[avitex.vn/html/bytewave/assets/images/slider/slider3-3.png]
[avitex.vn/html/bytewave/assets/images/component/about3.png]
[avitex.vn/html/bytewave/assets/images/industry/1.png]
[avitex.vn/html/bytewave/assets/images/industry/2.png]
[avitex.vn/html/bytewave/assets/images/slider/slider5-2.png]
[avitex.vn/html/bytewave/assets/images/slider/slider5-3.png]
